<img src='e-vitamins.jpg' alt='e-vitamins.jpg' title='e-vitamins.jpg'>

<img src='mwnv.jpg' alt='mwnv.jpg' title='mwnv.jpg'>

<img src='phx-yt-banner.jpg' alt='phx-yt-banner.jpg' title='phx-yt-banner.jpg'>

<img src='beautiful-mountains-bg-hued.jpg' alt='beautiful-mountains-bg-hued.jpg' title='beautiful-mountains-bg-hued.jpg'>

<img src='phx-bg-croped.jpg' alt='phx-bg-croped.jpg' title='phx-bg-croped.jpg'>

<img src='cabbage-compass.jpg' alt='cabbage-compass.jpg' title='cabbage-compass.jpg'>

<img src='woman-vs-bot-arm-wresle-w-spinash.jpg' alt='woman-vs-bot-arm-wresle-w-spinash.jpg' title='woman-vs-bot-arm-wresle-w-spinash.jpg'>

<img src='lake-photo_recolored.jpg' alt='lake-photo_recolored.jpg' title='lake-photo_recolored.jpg'>

<img src='spinach-bowl-phx.jpg' alt='spinach-bowl-phx.jpg' title='spinach-bowl-phx.jpg'>

<img src='butterfly.jpg' alt='butterfly.jpg' title='butterfly.jpg'>

<img src='photo_2021-05-06_22-04-36.jpg' alt='photo_2021-05-06_22-04-36.jpg' title='photo_2021-05-06_22-04-36.jpg'>

<img src='paper.jpg' alt='paper.jpg' title='paper.jpg'>

<img src='phx-bg-1.jpg' alt='phx-bg-1.jpg' title='phx-bg-1.jpg'>

<img src='i-kevid.jpg' alt='i-kevid.jpg' title='i-kevid.jpg'>

<img src='e-vitamins.jpg' alt='e-vitamins.jpg' title='e-vitamins.jpg'>

<img src='mwnv.jpg' alt='mwnv.jpg' title='mwnv.jpg'>

<img src='phx-yt-banner.jpg' alt='phx-yt-banner.jpg' title='phx-yt-banner.jpg'>

<img src='beautiful-mountains-bg-hued.jpg' alt='beautiful-mountains-bg-hued.jpg' title='beautiful-mountains-bg-hued.jpg'>

<img src='phx-bg-croped.jpg' alt='phx-bg-croped.jpg' title='phx-bg-croped.jpg'>

<img src='cabbage-compass.jpg' alt='cabbage-compass.jpg' title='cabbage-compass.jpg'>

<img src='woman-vs-bot-arm-wresle-w-spinash.jpg' alt='woman-vs-bot-arm-wresle-w-spinash.jpg' title='woman-vs-bot-arm-wresle-w-spinash.jpg'>

<img src='lake-photo_recolored.jpg' alt='lake-photo_recolored.jpg' title='lake-photo_recolored.jpg'>

<img src='spinach-bowl-phx.jpg' alt='spinach-bowl-phx.jpg' title='spinach-bowl-phx.jpg'>

<img src='butterfly.jpg' alt='butterfly.jpg' title='butterfly.jpg'>

<img src='photo_2021-05-06_22-04-36.jpg' alt='photo_2021-05-06_22-04-36.jpg' title='photo_2021-05-06_22-04-36.jpg'>

<img src='paper.jpg' alt='paper.jpg' title='paper.jpg'>

<img src='phx-bg-1.jpg' alt='phx-bg-1.jpg' title='phx-bg-1.jpg'>

<img src='i-kevid.jpg' alt='i-kevid.jpg' title='i-kevid.jpg'>

<img src='e-vitamins.jpg' alt='e-vitamins.jpg' title='e-vitamins.jpg'>

<img src='mwnv.jpg' alt='mwnv.jpg' title='mwnv.jpg'>

<img src='phx-yt-banner.jpg' alt='phx-yt-banner.jpg' title='phx-yt-banner.jpg'>

<img src='beautiful-mountains-bg-hued.jpg' alt='beautiful-mountains-bg-hued.jpg' title='beautiful-mountains-bg-hued.jpg'>

<img src='phx-bg-croped.jpg' alt='phx-bg-croped.jpg' title='phx-bg-croped.jpg'>

<img src='cabbage-compass.jpg' alt='cabbage-compass.jpg' title='cabbage-compass.jpg'>

<img src='woman-vs-bot-arm-wresle-w-spinash.jpg' alt='woman-vs-bot-arm-wresle-w-spinash.jpg' title='woman-vs-bot-arm-wresle-w-spinash.jpg'>

<img src='lake-photo_recolored.jpg' alt='lake-photo_recolored.jpg' title='lake-photo_recolored.jpg'>

<img src='spinach-bowl-phx.jpg' alt='spinach-bowl-phx.jpg' title='spinach-bowl-phx.jpg'>

<img src='butterfly.jpg' alt='butterfly.jpg' title='butterfly.jpg'>

<img src='photo_2021-05-06_22-04-36.jpg' alt='photo_2021-05-06_22-04-36.jpg' title='photo_2021-05-06_22-04-36.jpg'>

<img src='paper.jpg' alt='paper.jpg' title='paper.jpg'>

<img src='phx-bg-1.jpg' alt='phx-bg-1.jpg' title='phx-bg-1.jpg'>

<img src='i-kevid.jpg' alt='i-kevid.jpg' title='i-kevid.jpg'>

<img src='e-vitamins.jpg' alt='e-vitamins.jpg' title='e-vitamins.jpg'>

<img src='mwnv.jpg' alt='mwnv.jpg' title='mwnv.jpg'>

<img src='phx-yt-banner.jpg' alt='phx-yt-banner.jpg' title='phx-yt-banner.jpg'>

<img src='beautiful-mountains-bg-hued.jpg' alt='beautiful-mountains-bg-hued.jpg' title='beautiful-mountains-bg-hued.jpg'>

<img src='phx-bg-croped.jpg' alt='phx-bg-croped.jpg' title='phx-bg-croped.jpg'>

<img src='cabbage-compass.jpg' alt='cabbage-compass.jpg' title='cabbage-compass.jpg'>

<img src='woman-vs-bot-arm-wresle-w-spinash.jpg' alt='woman-vs-bot-arm-wresle-w-spinash.jpg' title='woman-vs-bot-arm-wresle-w-spinash.jpg'>

<img src='lake-photo_recolored.jpg' alt='lake-photo_recolored.jpg' title='lake-photo_recolored.jpg'>

<img src='spinach-bowl-phx.jpg' alt='spinach-bowl-phx.jpg' title='spinach-bowl-phx.jpg'>

<img src='butterfly.jpg' alt='butterfly.jpg' title='butterfly.jpg'>

<img src='photo_2021-05-06_22-04-36.jpg' alt='photo_2021-05-06_22-04-36.jpg' title='photo_2021-05-06_22-04-36.jpg'>

<img src='paper.jpg' alt='paper.jpg' title='paper.jpg'>

<img src='phx-bg-1.jpg' alt='phx-bg-1.jpg' title='phx-bg-1.jpg'>

<img src='i-kevid.jpg' alt='i-kevid.jpg' title='i-kevid.jpg'>

<img src='e-vitamins.jpg' alt='e-vitamins.jpg' title='e-vitamins.jpg'>

<img src='mwnv.jpg' alt='mwnv.jpg' title='mwnv.jpg'>

<img src='phx-yt-banner.jpg' alt='phx-yt-banner.jpg' title='phx-yt-banner.jpg'>

<img src='beautiful-mountains-bg-hued.jpg' alt='beautiful-mountains-bg-hued.jpg' title='beautiful-mountains-bg-hued.jpg'>

<img src='phx-bg-croped.jpg' alt='phx-bg-croped.jpg' title='phx-bg-croped.jpg'>

<img src='cabbage-compass.jpg' alt='cabbage-compass.jpg' title='cabbage-compass.jpg'>

<img src='woman-vs-bot-arm-wresle-w-spinash.jpg' alt='woman-vs-bot-arm-wresle-w-spinash.jpg' title='woman-vs-bot-arm-wresle-w-spinash.jpg'>

<img src='lake-photo_recolored.jpg' alt='lake-photo_recolored.jpg' title='lake-photo_recolored.jpg'>

<img src='spinach-bowl-phx.jpg' alt='spinach-bowl-phx.jpg' title='spinach-bowl-phx.jpg'>

<img src='butterfly.jpg' alt='butterfly.jpg' title='butterfly.jpg'>

<img src='photo_2021-05-06_22-04-36.jpg' alt='photo_2021-05-06_22-04-36.jpg' title='photo_2021-05-06_22-04-36.jpg'>

<img src='paper.jpg' alt='paper.jpg' title='paper.jpg'>

<img src='phx-bg-1.jpg' alt='phx-bg-1.jpg' title='phx-bg-1.jpg'>

<img src='i-kevid.jpg' alt='i-kevid.jpg' title='i-kevid.jpg'>

<img src='e-vitamins.jpg' alt='e-vitamins.jpg' title='e-vitamins.jpg'>

<img src='mwnv.jpg' alt='mwnv.jpg' title='mwnv.jpg'>

<img src='phx-yt-banner.jpg' alt='phx-yt-banner.jpg' title='phx-yt-banner.jpg'>

<img src='beautiful-mountains-bg-hued.jpg' alt='beautiful-mountains-bg-hued.jpg' title='beautiful-mountains-bg-hued.jpg'>

<img src='phx-bg-croped.jpg' alt='phx-bg-croped.jpg' title='phx-bg-croped.jpg'>

<img src='woman-vs-bot-arm-wresle-w-spinash.jpg' alt='woman-vs-bot-arm-wresle-w-spinash.jpg' title='woman-vs-bot-arm-wresle-w-spinash.jpg'>

<img src='lake-photo_recolored.jpg' alt='lake-photo_recolored.jpg' title='lake-photo_recolored.jpg'>

<img src='spinach-bowl-phx.jpg' alt='spinach-bowl-phx.jpg' title='spinach-bowl-phx.jpg'>

<img src='butterfly.jpg' alt='butterfly.jpg' title='butterfly.jpg'>

<img src='photo_2021-05-06_22-04-36.jpg' alt='photo_2021-05-06_22-04-36.jpg' title='photo_2021-05-06_22-04-36.jpg'>

<img src='paper.jpg' alt='paper.jpg' title='paper.jpg'>

<img src='phx-bg-1.jpg' alt='phx-bg-1.jpg' title='phx-bg-1.jpg'>

<img src='e-vitamins.jpg' alt='e-vitamins.jpg' title='e-vitamins.jpg'>

<img src='mwnv.jpg' alt='mwnv.jpg' title='mwnv.jpg'>

<img src='phx-yt-banner.jpg' alt='phx-yt-banner.jpg' title='phx-yt-banner.jpg'>

<img src='beautiful-mountains-bg-hued.jpg' alt='beautiful-mountains-bg-hued.jpg' title='beautiful-mountains-bg-hued.jpg'>

<img src='phx-bg-croped.jpg' alt='phx-bg-croped.jpg' title='phx-bg-croped.jpg'>

<img src='woman-vs-bot-arm-wresle-w-spinash.jpg' alt='woman-vs-bot-arm-wresle-w-spinash.jpg' title='woman-vs-bot-arm-wresle-w-spinash.jpg'>

<img src='lake-photo_recolored.jpg' alt='lake-photo_recolored.jpg' title='lake-photo_recolored.jpg'>

<img src='spinach-bowl-phx.jpg' alt='spinach-bowl-phx.jpg' title='spinach-bowl-phx.jpg'>

<img src='butterfly.jpg' alt='butterfly.jpg' title='butterfly.jpg'>

<img src='photo_2021-05-06_22-04-36.jpg' alt='photo_2021-05-06_22-04-36.jpg' title='photo_2021-05-06_22-04-36.jpg'>

<img src='paper.jpg' alt='paper.jpg' title='paper.jpg'>

<img src='phx-bg-1.jpg' alt='phx-bg-1.jpg' title='phx-bg-1.jpg'>

<img src='jenn-96p.jpg' alt='jenn-96p.jpg' title='jenn-96p.jpg'>

<img src='jenn.jpg' alt='jenn.jpg' title='jenn.jpg'>

<img src='ed-lotm-square.jpg' alt='ed-lotm-square.jpg' title='ed-lotm-square.jpg'>

<img src='hed2022.jpg' alt='hed2022.jpg' title='hed2022.jpg'>

<img src='e-vitamins.jpg' alt='e-vitamins.jpg' title='e-vitamins.jpg'>

<img src='mwnv.jpg' alt='mwnv.jpg' title='mwnv.jpg'>

<img src='phx-yt-banner.jpg' alt='phx-yt-banner.jpg' title='phx-yt-banner.jpg'>

<img src='beautiful-mountains-bg-hued.jpg' alt='beautiful-mountains-bg-hued.jpg' title='beautiful-mountains-bg-hued.jpg'>

<img src='phx-bg-croped.jpg' alt='phx-bg-croped.jpg' title='phx-bg-croped.jpg'>

<img src='woman-vs-bot-arm-wresle-w-spinash.jpg' alt='woman-vs-bot-arm-wresle-w-spinash.jpg' title='woman-vs-bot-arm-wresle-w-spinash.jpg'>

<img src='lake-photo_recolored.jpg' alt='lake-photo_recolored.jpg' title='lake-photo_recolored.jpg'>

<img src='spinach-bowl-phx.jpg' alt='spinach-bowl-phx.jpg' title='spinach-bowl-phx.jpg'>

<img src='butterfly.jpg' alt='butterfly.jpg' title='butterfly.jpg'>

<img src='photo_2021-05-06_22-04-36.jpg' alt='photo_2021-05-06_22-04-36.jpg' title='photo_2021-05-06_22-04-36.jpg'>

<img src='paper.jpg' alt='paper.jpg' title='paper.jpg'>

<img src='phx-bg-1.jpg' alt='phx-bg-1.jpg' title='phx-bg-1.jpg'>

<img src='jenn-96p.jpg' alt='jenn-96p.jpg' title='jenn-96p.jpg'>

<img src='jenn.jpg' alt='jenn.jpg' title='jenn.jpg'>

<img src='ed-lotm-square.jpg' alt='ed-lotm-square.jpg' title='ed-lotm-square.jpg'>

<img src='hed2022.jpg' alt='hed2022.jpg' title='hed2022.jpg'>

<img src='e-vitamins.jpg' alt='e-vitamins.jpg' title='e-vitamins.jpg'>

<img src='mwnv.jpg' alt='mwnv.jpg' title='mwnv.jpg'>

<img src='phx-yt-banner.jpg' alt='phx-yt-banner.jpg' title='phx-yt-banner.jpg'>

<img src='beautiful-mountains-bg-hued.jpg' alt='beautiful-mountains-bg-hued.jpg' title='beautiful-mountains-bg-hued.jpg'>

<img src='phx-bg-croped.jpg' alt='phx-bg-croped.jpg' title='phx-bg-croped.jpg'>

<img src='woman-vs-bot-arm-wresle-w-spinash.jpg' alt='woman-vs-bot-arm-wresle-w-spinash.jpg' title='woman-vs-bot-arm-wresle-w-spinash.jpg'>

<img src='lake-photo_recolored.jpg' alt='lake-photo_recolored.jpg' title='lake-photo_recolored.jpg'>

<img src='spinach-bowl-phx.jpg' alt='spinach-bowl-phx.jpg' title='spinach-bowl-phx.jpg'>

<img src='butterfly.jpg' alt='butterfly.jpg' title='butterfly.jpg'>

<img src='photo_2021-05-06_22-04-36.jpg' alt='photo_2021-05-06_22-04-36.jpg' title='photo_2021-05-06_22-04-36.jpg'>

<img src='paper.jpg' alt='paper.jpg' title='paper.jpg'>

<img src='phx-bg-1.jpg' alt='phx-bg-1.jpg' title='phx-bg-1.jpg'>

<img src='jenn-96p.jpg' alt='jenn-96p.jpg' title='jenn-96p.jpg'>

<img src='jenn.jpg' alt='jenn.jpg' title='jenn.jpg'>

<img src='ed-lotm-square.jpg' alt='ed-lotm-square.jpg' title='ed-lotm-square.jpg'>

<img src='hed2022.jpg' alt='hed2022.jpg' title='hed2022.jpg'>

<img src='e-vitamins.jpg' alt='e-vitamins.jpg' title='e-vitamins.jpg'>

<img src='mwnv.jpg' alt='mwnv.jpg' title='mwnv.jpg'>

<img src='phx-yt-banner.jpg' alt='phx-yt-banner.jpg' title='phx-yt-banner.jpg'>

<img src='beautiful-mountains-bg-hued.jpg' alt='beautiful-mountains-bg-hued.jpg' title='beautiful-mountains-bg-hued.jpg'>

<img src='phx-bg-croped.jpg' alt='phx-bg-croped.jpg' title='phx-bg-croped.jpg'>

<img src='woman-vs-bot-arm-wresle-w-spinash.jpg' alt='woman-vs-bot-arm-wresle-w-spinash.jpg' title='woman-vs-bot-arm-wresle-w-spinash.jpg'>

<img src='lake-photo_recolored.jpg' alt='lake-photo_recolored.jpg' title='lake-photo_recolored.jpg'>

<img src='spinach-bowl-phx.jpg' alt='spinach-bowl-phx.jpg' title='spinach-bowl-phx.jpg'>

<img src='butterfly.jpg' alt='butterfly.jpg' title='butterfly.jpg'>

<img src='photo_2021-05-06_22-04-36.jpg' alt='photo_2021-05-06_22-04-36.jpg' title='photo_2021-05-06_22-04-36.jpg'>

<img src='paper.jpg' alt='paper.jpg' title='paper.jpg'>

<img src='phx-bg-1.jpg' alt='phx-bg-1.jpg' title='phx-bg-1.jpg'>

<img src='jenn-96p.jpg' alt='jenn-96p.jpg' title='jenn-96p.jpg'>

<img src='jenn.jpg' alt='jenn.jpg' title='jenn.jpg'>

<img src='ed-lotm-square.jpg' alt='ed-lotm-square.jpg' title='ed-lotm-square.jpg'>

<img src='hed2022.jpg' alt='hed2022.jpg' title='hed2022.jpg'>

<img src='e-vitamins.jpg' alt='e-vitamins.jpg' title='e-vitamins.jpg'>

<img src='mwnv.jpg' alt='mwnv.jpg' title='mwnv.jpg'>

<img src='phx-yt-banner.jpg' alt='phx-yt-banner.jpg' title='phx-yt-banner.jpg'>

<img src='beautiful-mountains-bg-hued.jpg' alt='beautiful-mountains-bg-hued.jpg' title='beautiful-mountains-bg-hued.jpg'>

<img src='phx-bg-croped.jpg' alt='phx-bg-croped.jpg' title='phx-bg-croped.jpg'>

<img src='woman-vs-bot-arm-wresle-w-spinash.jpg' alt='woman-vs-bot-arm-wresle-w-spinash.jpg' title='woman-vs-bot-arm-wresle-w-spinash.jpg'>

<img src='lake-photo_recolored.jpg' alt='lake-photo_recolored.jpg' title='lake-photo_recolored.jpg'>

<img src='spinach-bowl-phx.jpg' alt='spinach-bowl-phx.jpg' title='spinach-bowl-phx.jpg'>

<img src='butterfly.jpg' alt='butterfly.jpg' title='butterfly.jpg'>

<img src='photo_2021-05-06_22-04-36.jpg' alt='photo_2021-05-06_22-04-36.jpg' title='photo_2021-05-06_22-04-36.jpg'>

<img src='paper.jpg' alt='paper.jpg' title='paper.jpg'>

<img src='phx-bg-1.jpg' alt='phx-bg-1.jpg' title='phx-bg-1.jpg'>

<img src='jenn-96p.jpg' alt='jenn-96p.jpg' title='jenn-96p.jpg'>

<img src='jenn.jpg' alt='jenn.jpg' title='jenn.jpg'>

<img src='ed-lotm-square.jpg' alt='ed-lotm-square.jpg' title='ed-lotm-square.jpg'>

<img src='hed2022.jpg' alt='hed2022.jpg' title='hed2022.jpg'>

<img src='e-vitamins.jpg' alt='e-vitamins.jpg' title='e-vitamins.jpg'>

<img src='mwnv.jpg' alt='mwnv.jpg' title='mwnv.jpg'>

<img src='phx-yt-banner.jpg' alt='phx-yt-banner.jpg' title='phx-yt-banner.jpg'>

<img src='beautiful-mountains-bg-hued.jpg' alt='beautiful-mountains-bg-hued.jpg' title='beautiful-mountains-bg-hued.jpg'>

<img src='phx-bg-croped.jpg' alt='phx-bg-croped.jpg' title='phx-bg-croped.jpg'>

<img src='woman-vs-bot-arm-wresle-w-spinash.jpg' alt='woman-vs-bot-arm-wresle-w-spinash.jpg' title='woman-vs-bot-arm-wresle-w-spinash.jpg'>

<img src='lake-photo_recolored.jpg' alt='lake-photo_recolored.jpg' title='lake-photo_recolored.jpg'>

<img src='spinach-bowl-phx.jpg' alt='spinach-bowl-phx.jpg' title='spinach-bowl-phx.jpg'>

<img src='butterfly.jpg' alt='butterfly.jpg' title='butterfly.jpg'>

<img src='photo_2021-05-06_22-04-36.jpg' alt='photo_2021-05-06_22-04-36.jpg' title='photo_2021-05-06_22-04-36.jpg'>

<img src='paper.jpg' alt='paper.jpg' title='paper.jpg'>

<img src='phx-bg-1.jpg' alt='phx-bg-1.jpg' title='phx-bg-1.jpg'>

<img src='jenn-96p.jpg' alt='jenn-96p.jpg' title='jenn-96p.jpg'>

<img src='jenn.jpg' alt='jenn.jpg' title='jenn.jpg'>

<img src='ed-lotm-square.jpg' alt='ed-lotm-square.jpg' title='ed-lotm-square.jpg'>

<img src='hed2022.jpg' alt='hed2022.jpg' title='hed2022.jpg'>

<img src='e-vitamins.jpg' alt='e-vitamins.jpg' title='e-vitamins.jpg'>

<img src='mwnv.jpg' alt='mwnv.jpg' title='mwnv.jpg'>

<img src='phx-yt-banner.jpg' alt='phx-yt-banner.jpg' title='phx-yt-banner.jpg'>

<img src='beautiful-mountains-bg-hued.jpg' alt='beautiful-mountains-bg-hued.jpg' title='beautiful-mountains-bg-hued.jpg'>

<img src='phx-bg-croped.jpg' alt='phx-bg-croped.jpg' title='phx-bg-croped.jpg'>

<img src='woman-vs-bot-arm-wresle-w-spinash.jpg' alt='woman-vs-bot-arm-wresle-w-spinash.jpg' title='woman-vs-bot-arm-wresle-w-spinash.jpg'>

<img src='lake-photo_recolored.jpg' alt='lake-photo_recolored.jpg' title='lake-photo_recolored.jpg'>

<img src='spinach-bowl-phx.jpg' alt='spinach-bowl-phx.jpg' title='spinach-bowl-phx.jpg'>

<img src='butterfly.jpg' alt='butterfly.jpg' title='butterfly.jpg'>

<img src='photo_2021-05-06_22-04-36.jpg' alt='photo_2021-05-06_22-04-36.jpg' title='photo_2021-05-06_22-04-36.jpg'>

<img src='paper.jpg' alt='paper.jpg' title='paper.jpg'>

<img src='phx-bg-1.jpg' alt='phx-bg-1.jpg' title='phx-bg-1.jpg'>

<img src='jenn-96p.jpg' alt='jenn-96p.jpg' title='jenn-96p.jpg'>

<img src='jenn.jpg' alt='jenn.jpg' title='jenn.jpg'>

<img src='ed-lotm-square.jpg' alt='ed-lotm-square.jpg' title='ed-lotm-square.jpg'>

<img src='hed2022.jpg' alt='hed2022.jpg' title='hed2022.jpg'>

<img src='e-vitamins.jpg' alt='e-vitamins.jpg' title='e-vitamins.jpg'>

<img src='mwnv.jpg' alt='mwnv.jpg' title='mwnv.jpg'>

<img src='phx-yt-banner.jpg' alt='phx-yt-banner.jpg' title='phx-yt-banner.jpg'>

<img src='beautiful-mountains-bg-hued.jpg' alt='beautiful-mountains-bg-hued.jpg' title='beautiful-mountains-bg-hued.jpg'>

<img src='phx-bg-croped.jpg' alt='phx-bg-croped.jpg' title='phx-bg-croped.jpg'>

<img src='woman-vs-bot-arm-wresle-w-spinash.jpg' alt='woman-vs-bot-arm-wresle-w-spinash.jpg' title='woman-vs-bot-arm-wresle-w-spinash.jpg'>

<img src='lake-photo_recolored.jpg' alt='lake-photo_recolored.jpg' title='lake-photo_recolored.jpg'>

<img src='spinach-bowl-phx.jpg' alt='spinach-bowl-phx.jpg' title='spinach-bowl-phx.jpg'>

<img src='butterfly.jpg' alt='butterfly.jpg' title='butterfly.jpg'>

<img src='photo_2021-05-06_22-04-36.jpg' alt='photo_2021-05-06_22-04-36.jpg' title='photo_2021-05-06_22-04-36.jpg'>

<img src='paper.jpg' alt='paper.jpg' title='paper.jpg'>

<img src='phx-bg-1.jpg' alt='phx-bg-1.jpg' title='phx-bg-1.jpg'>

<img src='jenn-96p.jpg' alt='jenn-96p.jpg' title='jenn-96p.jpg'>

<img src='jenn.jpg' alt='jenn.jpg' title='jenn.jpg'>

<img src='ed-lotm-square.jpg' alt='ed-lotm-square.jpg' title='ed-lotm-square.jpg'>

<img src='hed2022.jpg' alt='hed2022.jpg' title='hed2022.jpg'>

<img src='e-vitamins.jpg' alt='e-vitamins.jpg' title='e-vitamins.jpg'>

<img src='mwnv.jpg' alt='mwnv.jpg' title='mwnv.jpg'>

<img src='phx-yt-banner.jpg' alt='phx-yt-banner.jpg' title='phx-yt-banner.jpg'>

<img src='beautiful-mountains-bg-hued.jpg' alt='beautiful-mountains-bg-hued.jpg' title='beautiful-mountains-bg-hued.jpg'>

<img src='phx-bg-croped.jpg' alt='phx-bg-croped.jpg' title='phx-bg-croped.jpg'>

<img src='woman-vs-bot-arm-wresle-w-spinash.jpg' alt='woman-vs-bot-arm-wresle-w-spinash.jpg' title='woman-vs-bot-arm-wresle-w-spinash.jpg'>

<img src='lake-photo_recolored.jpg' alt='lake-photo_recolored.jpg' title='lake-photo_recolored.jpg'>

<img src='spinach-bowl-phx.jpg' alt='spinach-bowl-phx.jpg' title='spinach-bowl-phx.jpg'>

<img src='butterfly.jpg' alt='butterfly.jpg' title='butterfly.jpg'>

<img src='photo_2021-05-06_22-04-36.jpg' alt='photo_2021-05-06_22-04-36.jpg' title='photo_2021-05-06_22-04-36.jpg'>

<img src='paper.jpg' alt='paper.jpg' title='paper.jpg'>

<img src='phx-bg-1.jpg' alt='phx-bg-1.jpg' title='phx-bg-1.jpg'>

<img src='jenn-96p.jpg' alt='jenn-96p.jpg' title='jenn-96p.jpg'>

<img src='jenn.jpg' alt='jenn.jpg' title='jenn.jpg'>

<img src='ed-lotm-square.jpg' alt='ed-lotm-square.jpg' title='ed-lotm-square.jpg'>

<img src='hed2022.jpg' alt='hed2022.jpg' title='hed2022.jpg'>

<img src='e-vitamins.jpg' alt='e-vitamins.jpg' title='e-vitamins.jpg'>

<img src='mwnv.jpg' alt='mwnv.jpg' title='mwnv.jpg'>

<img src='phx-yt-banner.jpg' alt='phx-yt-banner.jpg' title='phx-yt-banner.jpg'>

<img src='beautiful-mountains-bg-hued.jpg' alt='beautiful-mountains-bg-hued.jpg' title='beautiful-mountains-bg-hued.jpg'>

<img src='phx-bg-croped.jpg' alt='phx-bg-croped.jpg' title='phx-bg-croped.jpg'>

<img src='woman-vs-bot-arm-wresle-w-spinash.jpg' alt='woman-vs-bot-arm-wresle-w-spinash.jpg' title='woman-vs-bot-arm-wresle-w-spinash.jpg'>

<img src='lake-photo_recolored.jpg' alt='lake-photo_recolored.jpg' title='lake-photo_recolored.jpg'>

<img src='spinach-bowl-phx.jpg' alt='spinach-bowl-phx.jpg' title='spinach-bowl-phx.jpg'>

<img src='butterfly.jpg' alt='butterfly.jpg' title='butterfly.jpg'>

<img src='photo_2021-05-06_22-04-36.jpg' alt='photo_2021-05-06_22-04-36.jpg' title='photo_2021-05-06_22-04-36.jpg'>

<img src='paper.jpg' alt='paper.jpg' title='paper.jpg'>

<img src='phx-bg-1.jpg' alt='phx-bg-1.jpg' title='phx-bg-1.jpg'>

<img src='jenn-96p.jpg' alt='jenn-96p.jpg' title='jenn-96p.jpg'>

<img src='jenn.jpg' alt='jenn.jpg' title='jenn.jpg'>

<img src='ed-lotm-square.jpg' alt='ed-lotm-square.jpg' title='ed-lotm-square.jpg'>

<img src='hed2022.jpg' alt='hed2022.jpg' title='hed2022.jpg'>

<img src='e-vitamins.jpg' alt='e-vitamins.jpg' title='e-vitamins.jpg'>

<img src='mwnv.jpg' alt='mwnv.jpg' title='mwnv.jpg'>

<img src='phx-yt-banner.jpg' alt='phx-yt-banner.jpg' title='phx-yt-banner.jpg'>

<img src='beautiful-mountains-bg-hued.jpg' alt='beautiful-mountains-bg-hued.jpg' title='beautiful-mountains-bg-hued.jpg'>

<img src='phx-bg-croped.jpg' alt='phx-bg-croped.jpg' title='phx-bg-croped.jpg'>

<img src='woman-vs-bot-arm-wresle-w-spinash.jpg' alt='woman-vs-bot-arm-wresle-w-spinash.jpg' title='woman-vs-bot-arm-wresle-w-spinash.jpg'>

<img src='lake-photo_recolored.jpg' alt='lake-photo_recolored.jpg' title='lake-photo_recolored.jpg'>

<img src='spinach-bowl-phx.jpg' alt='spinach-bowl-phx.jpg' title='spinach-bowl-phx.jpg'>

<img src='butterfly.jpg' alt='butterfly.jpg' title='butterfly.jpg'>

<img src='photo_2021-05-06_22-04-36.jpg' alt='photo_2021-05-06_22-04-36.jpg' title='photo_2021-05-06_22-04-36.jpg'>

<img src='paper.jpg' alt='paper.jpg' title='paper.jpg'>

<img src='phx-bg-1.jpg' alt='phx-bg-1.jpg' title='phx-bg-1.jpg'>

